../Core/Src/main.c:80:5:main	8	static
../Core/Src/main.c:129:6:SystemClock_Config	88	static
../Core/Src/main.c:173:13:MX_ADC1_Init	24	static
../Core/Src/main.c:229:13:MX_CAN_Init	8	static
../Core/Src/main.c:266:13:MX_I2C1_Init	8	static
../Core/Src/main.c:300:13:MX_TIM3_Init	32	static
../Core/Src/main.c:345:13:MX_USART1_UART_Init	8	static
../Core/Src/main.c:376:13:MX_DMA_Init	16	static
../Core/Src/main.c:389:13:MX_GPIO_Init	40	static
../Core/Src/main.c:447:6:Error_Handler	8	static,ignoring_inline_asm
