../Core/Src/user_main.c:142:6:user_main	88	static
../Core/Src/user_main.c:234:6:HAL_GPIO_EXTI_Callback	16	static
../Core/Src/user_main.c:255:6:HAL_TIM_PeriodElapsedCallback	24	static
../Core/Src/user_main.c:272:6:HAL_CAN_RxFifo0MsgPendingCallback	56	static
../Core/Src/user_main.c:298:6:CAN_error_handler	8	static
../Core/Src/user_main.c:303:13:User_I2C2_GeneralPurposeOutput_Init	32	static
../Core/Src/user_main.c:316:13:User_I2C2_AlternateFunction_Init	32	static
../Core/Src/user_main.c:329:19:I2C_start_error_handler	8	static
